🚀 Launching Agent-OS Browser...
✅ Browser ready!

============================================================
🌐 TESTING 150 WEBSITES × 7 FEATURES
============================================================


📂 Search Engines
  [1/150] ✅ https://www.google.com                   | Google
  [2/150] ✅ https://www.bing.com                     | Search - Microsoft Bing
  [3/150] ✅ https://duckduckgo.com                   | DuckDuckGo - Protection. Priva
  [4/150] ✅ https://www.yahoo.com                    | Yahoo
  [5/150] ✅ https://www.baidu.com                    | 百度一下，你就知道
  [6/150] ✅ https://yandex.com                       | Yandex — fast Internet search
  [7/150] ✅ https://search.brave.com                 | Private Search Engine - Brave 
  [8/150] ✅ https://www.ecosia.org                   | Ecosia Firewall
  [9/150] ✅ https://www.startpage.com                | Startpage - Private Search Eng
  [10/150] ✅ https://www.dogpile.com                  | Just a moment...

📂 Social Media
